
function extractLayoutFields(
  node: import("./types.js").LayoutNode,
  basePath: string,
  resolvedValues: Map<string, import("./descriptor.js").ArgumentValue>
): Array<import("./types.js").DescriptorFieldFormat> {
  const result: Array<import("./types.js").DescriptorFieldFormat> = [];

  if (node.type === "object") {
    for (const field of node.fields) {
      if (field.schema) {
        const childPath = basePath ? `${basePath}.${field.name}` : field.name;
        
        if (field.label || field.format || field.params) {
          result.push({
            path: childPath,
            label: field.label,
            format: field.format as any,
            params: field.params,
          });
        }

        result.push(...extractLayoutFields(field.schema, childPath, resolvedValues));
      }
    }
  } else if (node.type === "sequence") {
    let i = 0;
    while (true) {
      const childPath = basePath ? `${basePath}.[${i}]` : `[${i}]`;
      let hasChild = false;
      for (const key of resolvedValues.keys()) {
        if (key === childPath || key.startsWith(childPath + ".")) {
          hasChild = true;
          break;
        }
      }
      if (!hasChild) break;

      const elementFields = extractLayoutFields(node.element, childPath, resolvedValues);
      if (elementFields.length > 0) {
        result.push(...elementFields);
      }
      i++;
    }
  }

  return result;
}
